{
    "Params: default - stub": {
        "content": [
            27,
            {
                "DUMP_PARAMS": {
                    "cat": 8.3
                },
                "FETCH_ENSEMBL_IDMAP": {
                    "Python": "3.11.0",
                    "Python Requests": "2.31.0"
                },
                "FETCH_INSPECTOR_GROUP_ONLINE": {
                    "Python": "3.11.0",
                    "Python Requests": "2.31.0",
                    "OrthoInspector Database": "Eukaryota2023"
                },
                "FETCH_OMA_GROUP_ONLINE": {
                    "Python": "3.11.0",
                    "Python Requests": "2.31.0",
                    "OMA Database": "All.Jul2024",
                    "OMA API": 1.1
                },
                "FETCH_PANTHER_GROUP_ONLINE": {
                    "Python": "3.11.0",
                    "Python Requests": "2.31.0",
                    "Panther Database": null
                },
                "FETCH_UNIPROT_SEQUENCES": {
                    "Python": "3.11.0",
                    "Python Requests": "2.31.0"
                },
                "MAKE_HITS_TABLE": {
                    "Python": "3.11.0"
                },
                "MERGE_CSV": {
                    "csvtk": "0.30.0"
                },
                "MERGE_HITS": {
                    "csvtk": "0.30.0"
                },
                "SPLIT_ID_FORMAT": {
                    "Python": "3.12.7"
                },
                "SPLIT_TAXIDS": {
                    "awk": "mawk 1.3.4 20200120"
                },
                "WRITE_SEQINFO": {
                    "Python": "3.11.0",
                    "Python Requests": "2.31.0"
                },
                "Workflow": {
                    "nf-core/reportho": "v1.1.0dev"
                }
            },
            [
                "multiqc",
                "multiqc/multiqc_data",
                "multiqc/multiqc_plots",
                "multiqc/multiqc_report.html",
                "pipeline_info",
                "pipeline_info/nf_core_reportho_software_mqc_versions.yml",
                "score",
                "score/aggregated_hits.csv",
                "sequences",
                "sequences/BicD2",
                "sequences/BicD2/BicD2_orthologs.txt",
                "sequences/HBB",
                "sequences/HBB/HBB_orthologs.txt"
            ],
            [
                
            ]
        ],
        "meta": {
            "nf-test": "0.9.2",
            "nextflow": "24.10.3"
        },
        "timestamp": "2025-02-17T12:23:57.219749"
    },
    "Params: default": {
        "content": [
            245,
            {
                "DIAMOND_CLUSTER": {
                    "diamond": "2.1.9"
                },
                "DUMP_PARAMS": {
                    "cat": 8.3
                },
                "FETCH_ENSEMBL_IDMAP": {
                    "Python": "3.11.0",
                    "Python Requests": "2.31.0"
                },
                "FETCH_ENSEMBL_SEQUENCES": {
                    "Python": "3.11.0",
                    "Python Requests": "2.31.0"
                },
                "FETCH_INSPECTOR_GROUP_ONLINE": {
                    "Python": "3.11.0",
                    "Python Requests": "2.31.0",
                    "OrthoInspector Database": "Eukaryota2023"
                },
                "FETCH_OMA_GROUP_ONLINE": {
                    "Python": "3.11.0",
                    "Python Requests": "2.31.0",
                    "OMA Database": "All.Jul2024",
                    "OMA API": 1.1
                },
                "FETCH_OMA_SEQUENCES": {
                    "Python": "3.11.0",
                    "Python Requests": "2.31.0",
                    "OMA Database": "All.Jul2024",
                    "OMA API": 1.1
                },
                "FETCH_PANTHER_GROUP_ONLINE": {
                    "Python": "3.11.0",
                    "Python Requests": "2.31.0",
                    "Panther Database": null
                },
                "FETCH_REFSEQ_SEQUENCES": {
                    "Python": "3.11.0",
                    "Python Requests": "2.31.0"
                },
                "FETCH_UNIPROT_SEQUENCES": {
                    "Python": "3.11.0",
                    "Python Requests": "2.31.0"
                },
                "FILTER_HITS": {
                    "Python": "3.11.0"
                },
                "GROUP_DIAMOND": {
                    "gawk": "5.3.0"
                },
                "MAKE_HITS_TABLE": {
                    "Python": "3.11.0"
                },
                "MAKE_MERGE_TABLE": {
                    "Python": "3.11.0"
                },
                "MAKE_REPORT": {
                    "Node": "v22.14.0",
                    "Yarn": "1.22.22",
                    "React": "19.0.0"
                },
                "MAKE_SCORE_TABLE": {
                    "Python": "3.11.0"
                },
                "MAKE_STATS": {
                    "Python": "3.11.0"
                },
                "MERGE_ALL": {
                    "pigz": "2.3.4"
                },
                "MERGE_CSV": {
                    "csvtk": "0.30.0"
                },
                "MERGE_DIAMOND": {
                    "pigz": "2.3.4"
                },
                "MERGE_FASTA_IDS": {
                    "gawk": "5.3.0"
                },
                "MERGE_HITS": {
                    "csvtk": "0.30.0"
                },
                "MERGE_MERGE": {
                    "csvtk": "0.30.0"
                },
                "MERGE_STATS": {
                    "csvtk": "0.30.0"
                },
                "PLOT_ORTHOLOGS": {
                    "r-base": "4.3.3"
                },
                "POSTPROCESS_DIAMOND": {
                    "gawk": "5.3.0"
                },
                "REDUCE_IDMAP": {
                    "gawk": "5.3.0"
                },
                "SPLIT_ID_FORMAT": {
                    "Python": "3.12.7"
                },
                "SPLIT_TAXIDS": {
                    "awk": "mawk 1.3.4 20200120"
                },
                "STATS2CSV": {
                    "Python": "3.9.6",
                    "PyYAML": "5.4.1"
                },
                "WRITE_SEQINFO": {
                    "Python": "3.11.0",
                    "Python Requests": "2.31.0"
                },
                "Workflow": {
                    "nf-core/reportho": "v1.1.0dev"
                }
            },
            [
                "merge",
                "merge/BicD2",
                "merge/BicD2/BicD2_clusters.tsv",
                "merge/BicD2/BicD2_idmap.tsv",
                "merge/HBB",
                "merge/HBB/HBB_clusters.tsv",
                "merge/HBB/HBB_idmap.tsv",
                "multiqc",
                "multiqc/multiqc_data",
                "multiqc/multiqc_data/multiqc.log",
                "multiqc/multiqc_data/multiqc_citations.txt",
                "multiqc/multiqc_data/multiqc_data.json",
                "multiqc/multiqc_data/multiqc_software_versions.txt",
                "multiqc/multiqc_data/multiqc_sources.txt",
                "multiqc/multiqc_report.html",
                "pipeline_info",
                "pipeline_info/nf_core_reportho_software_mqc_versions.yml",
                "report",
                "report/BicD2",
                "report/BicD2/clusters.csv",
                "report/BicD2/filtered_hits.txt",
                "report/BicD2/id.txt",
                "report/BicD2/index.html",
                "report/BicD2/jaccard.png",
                "report/BicD2/merge_stats.csv",
                "report/BicD2/nf-core-logo-square.png",
                "report/BicD2/orthostats.yml",
                "report/BicD2/params.yml",
                "report/BicD2/run.sh",
                "report/BicD2/score_table.csv",
                "report/BicD2/seq_hits.txt",
                "report/BicD2/seq_misses.txt",
                "report/BicD2/supports.png",
                "report/BicD2/taxid.txt",
                "report/BicD2/venn.png",
                "report/HBB",
                "report/HBB/clusters.csv",
                "report/HBB/filtered_hits.txt",
                "report/HBB/id.txt",
                "report/HBB/index.html",
                "report/HBB/jaccard.png",
                "report/HBB/merge_stats.csv",
                "report/HBB/nf-core-logo-square.png",
                "report/HBB/orthostats.yml",
                "report/HBB/params.yml",
                "report/HBB/run.sh",
                "report/HBB/score_table.csv",
                "report/HBB/seq_hits.txt",
                "report/HBB/seq_misses.txt",
                "report/HBB/supports.png",
                "report/HBB/taxid.txt",
                "report/HBB/venn.png",
                "score",
                "score/BicD2",
                "score/BicD2/BicD2_score_table.csv",
                "score/BicD2/plots",
                "score/BicD2/plots/BicD2_jaccard_dark.png",
                "score/BicD2/plots/BicD2_jaccard_light.png",
                "score/BicD2/plots/BicD2_supports_dark.png",
                "score/BicD2/plots/BicD2_supports_light.png",
                "score/BicD2/plots/BicD2_venn_dark.png",
                "score/BicD2/plots/BicD2_venn_light.png",
                "score/HBB",
                "score/HBB/HBB_score_table.csv",
                "score/HBB/plots",
                "score/HBB/plots/HBB_jaccard_dark.png",
                "score/HBB/plots/HBB_jaccard_light.png",
                "score/HBB/plots/HBB_supports_dark.png",
                "score/HBB/plots/HBB_supports_light.png",
                "score/HBB/plots/HBB_venn_dark.png",
                "score/HBB/plots/HBB_venn_light.png",
                "score/aggregated_hits.csv",
                "score/aggregated_merge.csv",
                "score/aggregated_stats.csv",
                "sequences",
                "sequences/BicD2",
                "sequences/BicD2/BicD2_orthologs.txt",
                "sequences/HBB",
                "sequences/HBB/HBB_orthologs.txt"
            ],
            [
                "multiqc_citations.txt:md5,4c806e63a283ec1b7e78cdae3a923d4f",
                "multiqc_sources.txt:md5,d2a044df39ce3c6abe5cdc2d67473490",
                "id.txt:md5,5e567f80b3e124f6cbfd9d78ec056d7e",
                "index.html:md5,f65df95dd6ecc78a557b5b0ed9081b92",
                "params.yml:md5,2c51160074527dbda5ddee27964bd5ee",
                "run.sh:md5,314e387b677968e93bc66776a09cad8a",
                "taxid.txt:md5,d8ce74354d0ddf337bd304faca270ff7",
                "id.txt:md5,a366b91927c9eb9d123e04ea6e741741",
                "index.html:md5,f65df95dd6ecc78a557b5b0ed9081b92",
                "params.yml:md5,1075f089d3cb1d179f5523238ccfb5a6",
                "run.sh:md5,314e387b677968e93bc66776a09cad8a",
                "taxid.txt:md5,d8ce74354d0ddf337bd304faca270ff7"
            ]
        ],
        "meta": {
            "nf-test": "0.9.0",
            "nextflow": "24.10.4"
        },
        "timestamp": "2025-03-26T14:52:09.441335"
    }
}