{
    "Params: default - stub": {
        "content": [
            32,
            {
                "CONCAT_FASTA": {
                    "coreutils": 9.4,
                    "find": "4.6.0",
                    "pigz": 2.8
                },
                "CONCAT_HITS": {
                    "coreutils": 9.4,
                    "find": "4.6.0",
                    "pigz": 2.8
                },
                "FETCH_ENSEMBL_IDMAP": {
                    "python": "3.12.9",
                    "requests": "2.32.3"
                },
                "FETCH_INSPECTOR_GROUP_ONLINE": {
                    "biopython": 1.83,
                    "orthoinspector_database": "Eukaryota2023",
                    "python": "3.11.0",
                    "requests": "2.31.0"
                },
                "FETCH_OMA_GROUP_ONLINE": {
                    "oma_api": 1.11,
                    "oma_database": "All.May2026",
                    "omadb": "2.2.4",
                    "python": "3.11.15"
                },
                "FETCH_PANTHER_GROUP_ONLINE": {
                    "biopython": 1.83,
                    "panther_database": null,
                    "python": "3.11.0",
                    "requests": "2.31.0"
                },
                "FETCH_UNIPROT_SEQUENCES": {
                    "biopython": 1.83,
                    "python": "3.11.0",
                    "requests": "2.31.0"
                },
                "FILTER_HITS": {
                    "biopython": 1.83,
                    "python": "3.11.0",
                    "requests": "2.31.0"
                },
                "IDENTIFY_SEQ_ONLINE": {
                    "biopython": 1.87,
                    "oma_api": 1.11,
                    "oma_database": "All.May2026",
                    "omadb": "2.2.4",
                    "python": "3.11.15"
                },
                "MAKE_HITS_TABLE": {
                    "biopython": 1.83,
                    "python": "3.11.0",
                    "requests": "2.31.0"
                },
                "MAKE_SCORE_TABLE": {
                    "biopython": 1.83,
                    "python": "3.11.0",
                    "requests": "2.31.0"
                },
                "MAKE_STATS": {
                    "biopython": 1.83,
                    "python": "3.11.0",
                    "requests": "2.31.0"
                },
                "MERGE_CSV": {
                    "csvtk": "0.37.0"
                },
                "MERGE_HITS": {
                    "csvtk": "0.37.0"
                },
                "MERGE_STATS": {
                    "csvtk": "0.37.0"
                },
                "SPLIT_ID_FORMAT": {
                    "python": "3.12.9",
                    "requests": "2.32.3"
                },
                "STATS2CSV": {
                    "python": "3.11.0",
                    "pyyaml": "5.4.1"
                },
                "Workflow": {
                    "nf-core/reportho": "v1.2.0dev"
                }
            },
            [
                "multiqc",
                "multiqc/multiqc_data",
                "multiqc/multiqc_data/.stub",
                "multiqc/multiqc_plots",
                "multiqc/multiqc_plots/.stub",
                "multiqc/multiqc_report.html",
                "pipeline_info",
                "pipeline_info/nf_core_reportho_software_mqc_versions.yml",
                "score",
                "score/aggregated_hits.csv",
                "score/aggregated_stats.csv",
                "score/ste2",
                "score/ste2/ste2_score_table.csv",
                "score/ste3",
                "score/ste3/ste3_score_table.csv",
                "sequences",
                "sequences/ste2",
                "sequences/ste2/ste2_orthologs.txt",
                "sequences/ste3",
                "sequences/ste3/ste3_orthologs.txt"
            ],
            [
                ".stub:md5,d41d8cd98f00b204e9800998ecf8427e",
                ".stub:md5,d41d8cd98f00b204e9800998ecf8427e"
            ]
        ],
        "timestamp": "2026-07-20T14:48:55.505672055",
        "meta": {
            "nf-test": "0.9.5",
            "nextflow": "26.04.4"
        }
    },
    "Params: default": {
        "content": [
            40,
            {
                "CONCAT_FASTA": {
                    "coreutils": 9.4,
                    "find": "4.6.0",
                    "pigz": 2.8
                },
                "CONCAT_HITS": {
                    "coreutils": 9.4,
                    "find": "4.6.0",
                    "pigz": 2.8
                },
                "CONCAT_MISSES": {
                    "coreutils": 9.4,
                    "find": "4.6.0",
                    "pigz": 2.8
                },
                "FETCH_ENSEMBL_IDMAP": {
                    "python": "3.12.9",
                    "requests": "2.32.3"
                },
                "FETCH_ENSEMBL_SEQUENCES": {
                    "biopython": 1.83,
                    "python": "3.11.0",
                    "requests": "2.31.0"
                },
                "FETCH_INSPECTOR_GROUP_ONLINE": {
                    "biopython": 1.83,
                    "orthoinspector_database": "Eukaryota2023",
                    "python": "3.11.0",
                    "requests": "2.31.0"
                },
                "FETCH_OMA_GROUP_ONLINE": {
                    "oma_api": 1.11,
                    "oma_database": "All.May2026",
                    "omadb": "2.2.4",
                    "python": "3.11.15"
                },
                "FETCH_OMA_SEQUENCES": {
                    "biopython": 1.83,
                    "oma_api": null,
                    "oma_database": null,
                    "python": "3.11.0",
                    "requests": "2.31.0"
                },
                "FETCH_PANTHER_GROUP_ONLINE": {
                    "biopython": 1.83,
                    "panther_database": null,
                    "python": "3.11.0",
                    "requests": "2.31.0"
                },
                "FETCH_REFSEQ_SEQUENCES": {
                    "biopython": 1.83,
                    "python": "3.11.0",
                    "requests": "2.31.0"
                },
                "FETCH_UNIPROT_SEQUENCES": {
                    "biopython": 1.83,
                    "python": "3.11.0",
                    "requests": "2.31.0"
                },
                "FILTER_HITS": {
                    "biopython": 1.83,
                    "python": "3.11.0",
                    "requests": "2.31.0"
                },
                "IDENTIFY_SEQ_ONLINE": {
                    "biopython": 1.87,
                    "oma_api": 1.11,
                    "oma_database": "All.May2026",
                    "omadb": "2.2.4",
                    "python": "3.11.15"
                },
                "MAKE_HITS_TABLE": {
                    "biopython": 1.83,
                    "python": "3.11.0",
                    "requests": "2.31.0"
                },
                "MAKE_SCORE_TABLE": {
                    "biopython": 1.83,
                    "python": "3.11.0",
                    "requests": "2.31.0"
                },
                "MAKE_STATS": {
                    "biopython": 1.83,
                    "python": "3.11.0",
                    "requests": "2.31.0"
                },
                "MERGE_CSV": {
                    "csvtk": "0.37.0"
                },
                "MERGE_HITS": {
                    "csvtk": "0.37.0"
                },
                "MERGE_STATS": {
                    "csvtk": "0.37.0"
                },
                "SPLIT_ID_FORMAT": {
                    "python": "3.12.9",
                    "requests": "2.32.3"
                },
                "STATS2CSV": {
                    "python": "3.11.0",
                    "pyyaml": "5.4.1"
                },
                "Workflow": {
                    "nf-core/reportho": "v1.2.0dev"
                }
            },
            [
                "multiqc",
                "multiqc/multiqc_data",
                "multiqc/multiqc_data/llms-full.txt",
                "multiqc/multiqc_data/multiqc.log",
                "multiqc/multiqc_data/multiqc.parquet",
                "multiqc/multiqc_data/multiqc_citations.txt",
                "multiqc/multiqc_data/multiqc_data.json",
                "multiqc/multiqc_data/multiqc_sample_hits.txt",
                "multiqc/multiqc_data/multiqc_sample_stats.txt",
                "multiqc/multiqc_data/multiqc_software_versions.txt",
                "multiqc/multiqc_data/multiqc_sources.txt",
                "multiqc/multiqc_plots",
                "multiqc/multiqc_plots/pdf",
                "multiqc/multiqc_plots/pdf/sample_hits.pdf",
                "multiqc/multiqc_plots/pdf/sample_stats.pdf",
                "multiqc/multiqc_plots/png",
                "multiqc/multiqc_plots/png/sample_hits.png",
                "multiqc/multiqc_plots/png/sample_stats.png",
                "multiqc/multiqc_plots/svg",
                "multiqc/multiqc_plots/svg/sample_hits.svg",
                "multiqc/multiqc_plots/svg/sample_stats.svg",
                "multiqc/multiqc_report.html",
                "pipeline_info",
                "pipeline_info/nf_core_reportho_software_mqc_versions.yml",
                "score",
                "score/aggregated_hits.csv",
                "score/aggregated_stats.csv",
                "score/ste2",
                "score/ste2/ste2_score_table.csv",
                "score/ste3",
                "score/ste3/ste3_score_table.csv",
                "sequences",
                "sequences/ste2",
                "sequences/ste2/ste2_orthologs.txt",
                "sequences/ste3",
                "sequences/ste3/ste3_orthologs.txt"
            ],
            [
                "multiqc_citations.txt:md5,4c806e63a283ec1b7e78cdae3a923d4f"
            ]
        ],
        "timestamp": "2026-07-20T14:48:19.250150901",
        "meta": {
            "nf-test": "0.9.5",
            "nextflow": "26.04.4"
        }
    }
}